<?php return array (
  0 => 'Symfony\\Bundle\\FrameworkBundle\\Controller\\AbstractController',
  1 => 'Doctrine\\Bundle\\DoctrineBundle\\Controller\\ProfilerController',
  2 => 'Doctrine\\ORM\\Cache\\Persister\\Entity\\AbstractEntityPersister',
  3 => 'Doctrine\\ORM\\Cache\\Persister\\Entity\\CachedEntityPersister',
  4 => 'Doctrine\\ORM\\Cache\\Persister\\Entity\\NonStrictReadWriteCachedEntityPersister',
  5 => 'Doctrine\\ORM\\Cache\\Persister\\Entity\\ReadOnlyCachedEntityPersister',
  6 => 'Doctrine\\ORM\\Cache\\Persister\\Entity\\ReadWriteCachedEntityPersister',
  7 => 'Doctrine\\ORM\\Persisters\\Entity\\AbstractEntityInheritancePersister',
  8 => 'Doctrine\\ORM\\Persisters\\Entity\\BasicEntityPersister',
  9 => 'Doctrine\\ORM\\Persisters\\Entity\\CachedPersisterContext',
  10 => 'Doctrine\\ORM\\Persisters\\Entity\\EntityPersister',
  11 => 'Doctrine\\ORM\\Persisters\\Entity\\JoinedSubclassPersister',
  12 => 'Doctrine\\ORM\\Persisters\\Entity\\SingleTablePersister',
  13 => 'FOS\\JsRoutingBundle\\Controller\\Controller',
  14 => 'PrestaShopBundle\\Controller\\Admin\\AttachementProductController',
  15 => 'PrestaShopBundle\\Controller\\Admin\\AttributeController',
  16 => 'PrestaShopBundle\\Controller\\Admin\\CategoryController',
  17 => 'PrestaShopBundle\\Controller\\Admin\\CombinationController',
  18 => 'PrestaShopBundle\\Controller\\Admin\\CommonController',
  19 => 'PrestaShopBundle\\Controller\\Admin\\Configure\\AdvancedParameters\\AdministrationController',
  20 => 'PrestaShopBundle\\Controller\\Admin\\Configure\\AdvancedParameters\\AuthorizationServer\\ApiAccessController',
  21 => 'PrestaShopBundle\\Controller\\Admin\\Configure\\AdvancedParameters\\AuthorizationServer\\ApplicationController',
  22 => 'PrestaShopBundle\\Controller\\Admin\\Configure\\AdvancedParameters\\BackupController',
  23 => 'PrestaShopBundle\\Controller\\Admin\\Configure\\AdvancedParameters\\EmailController',
  24 => 'PrestaShopBundle\\Controller\\Admin\\Configure\\AdvancedParameters\\EmployeeController',
  25 => 'PrestaShopBundle\\Controller\\Admin\\Configure\\AdvancedParameters\\FeatureFlagController',
  26 => 'PrestaShopBundle\\Controller\\Admin\\Configure\\AdvancedParameters\\ImportController',
  27 => 'PrestaShopBundle\\Controller\\Admin\\Configure\\AdvancedParameters\\ImportDataConfigurationController',
  28 => 'PrestaShopBundle\\Controller\\Admin\\Configure\\AdvancedParameters\\LogsController',
  29 => 'PrestaShopBundle\\Controller\\Admin\\Configure\\AdvancedParameters\\MemcacheServerController',
  30 => 'PrestaShopBundle\\Controller\\Admin\\Configure\\AdvancedParameters\\PerformanceController',
  31 => 'PrestaShopBundle\\Controller\\Admin\\Configure\\AdvancedParameters\\PermissionController',
  32 => 'PrestaShopBundle\\Controller\\Admin\\Configure\\AdvancedParameters\\ProfileController',
  33 => 'PrestaShopBundle\\Controller\\Admin\\Configure\\AdvancedParameters\\SecurityController',
  34 => 'PrestaShopBundle\\Controller\\Admin\\Configure\\AdvancedParameters\\ShopController',
  35 => 'PrestaShopBundle\\Controller\\Admin\\Configure\\AdvancedParameters\\SqlManagerController',
  36 => 'PrestaShopBundle\\Controller\\Admin\\Configure\\AdvancedParameters\\SystemInformationController',
  37 => 'PrestaShopBundle\\Controller\\Admin\\Configure\\AdvancedParameters\\WebserviceController',
  38 => 'PrestaShopBundle\\Controller\\Admin\\Configure\\ShopParameters\\ContactsController',
  39 => 'PrestaShopBundle\\Controller\\Admin\\Configure\\ShopParameters\\CustomerPreferencesController',
  40 => 'PrestaShopBundle\\Controller\\Admin\\Configure\\ShopParameters\\MaintenanceController',
  41 => 'PrestaShopBundle\\Controller\\Admin\\Configure\\ShopParameters\\MetaController',
  42 => 'PrestaShopBundle\\Controller\\Admin\\Configure\\ShopParameters\\OrderPreferencesController',
  43 => 'PrestaShopBundle\\Controller\\Admin\\Configure\\ShopParameters\\OrderStateController',
  44 => 'PrestaShopBundle\\Controller\\Admin\\Configure\\ShopParameters\\PreferencesController',
  45 => 'PrestaShopBundle\\Controller\\Admin\\Configure\\ShopParameters\\ProductPreferencesController',
  46 => 'PrestaShopBundle\\Controller\\Admin\\Configure\\ShopParameters\\SearchEnginesController',
  47 => 'PrestaShopBundle\\Controller\\Admin\\Configure\\ShopParameters\\TitleController',
  48 => 'PrestaShopBundle\\Controller\\Admin\\Configure\\ShowcaseCardController',
  49 => 'PrestaShopBundle\\Controller\\Admin\\ErrorController',
  50 => 'PrestaShopBundle\\Controller\\Admin\\FeatureController',
  51 => 'PrestaShopBundle\\Controller\\Admin\\FrameworkBundleAdminController',
  52 => 'PrestaShopBundle\\Controller\\Admin\\Improve\\Design\\CmsPageController',
  53 => 'PrestaShopBundle\\Controller\\Admin\\Improve\\Design\\MailThemeController',
  54 => 'PrestaShopBundle\\Controller\\Admin\\Improve\\Design\\PositionsController',
  55 => 'PrestaShopBundle\\Controller\\Admin\\Improve\\Design\\ThemeController',
  56 => 'PrestaShopBundle\\Controller\\Admin\\Improve\\International\\CountryController',
  57 => 'PrestaShopBundle\\Controller\\Admin\\Improve\\International\\CurrencyController',
  58 => 'PrestaShopBundle\\Controller\\Admin\\Improve\\International\\GeolocationController',
  59 => 'PrestaShopBundle\\Controller\\Admin\\Improve\\International\\LanguageController',
  60 => 'PrestaShopBundle\\Controller\\Admin\\Improve\\International\\LocalizationController',
  61 => 'PrestaShopBundle\\Controller\\Admin\\Improve\\International\\StateController',
  62 => 'PrestaShopBundle\\Controller\\Admin\\Improve\\International\\TaxController',
  63 => 'PrestaShopBundle\\Controller\\Admin\\Improve\\International\\TaxRulesGroupController',
  64 => 'PrestaShopBundle\\Controller\\Admin\\Improve\\International\\TranslationsController',
  65 => 'PrestaShopBundle\\Controller\\Admin\\Improve\\International\\ZoneController',
  66 => 'PrestaShopBundle\\Controller\\Admin\\Improve\\ModuleController',
  67 => 'PrestaShopBundle\\Controller\\Admin\\Improve\\Modules\\AlertsController',
  68 => 'PrestaShopBundle\\Controller\\Admin\\Improve\\Modules\\ModuleAbstractController',
  69 => 'PrestaShopBundle\\Controller\\Admin\\Improve\\Modules\\UpdatesController',
  70 => 'PrestaShopBundle\\Controller\\Admin\\Improve\\Payment\\PaymentMethodsController',
  71 => 'PrestaShopBundle\\Controller\\Admin\\Improve\\Payment\\PaymentPreferencesController',
  72 => 'PrestaShopBundle\\Controller\\Admin\\Improve\\Shipping\\CarriersController',
  73 => 'PrestaShopBundle\\Controller\\Admin\\Improve\\Shipping\\PreferencesController',
  74 => 'PrestaShopBundle\\Controller\\Admin\\MultistoreController',
  75 => 'PrestaShopBundle\\Controller\\Admin\\ProductController',
  76 => 'PrestaShopBundle\\Controller\\Admin\\ProductImageController',
  77 => 'PrestaShopBundle\\Controller\\Admin\\SecurityController',
  78 => 'PrestaShopBundle\\Controller\\Admin\\Sell\\Address\\AddressController',
  79 => 'PrestaShopBundle\\Controller\\Admin\\Sell\\Catalog\\AttachmentController',
  80 => 'PrestaShopBundle\\Controller\\Admin\\Sell\\Catalog\\AttributeController',
  81 => 'PrestaShopBundle\\Controller\\Admin\\Sell\\Catalog\\AttributeGroupController',
  82 => 'PrestaShopBundle\\Controller\\Admin\\Sell\\Catalog\\CartRuleController',
  83 => 'PrestaShopBundle\\Controller\\Admin\\Sell\\Catalog\\CatalogPriceRuleController',
  84 => 'PrestaShopBundle\\Controller\\Admin\\Sell\\Catalog\\CategoryController',
  85 => 'PrestaShopBundle\\Controller\\Admin\\Sell\\Catalog\\FeatureController',
  86 => 'PrestaShopBundle\\Controller\\Admin\\Sell\\Catalog\\ManufacturerController',
  87 => 'PrestaShopBundle\\Controller\\Admin\\Sell\\Catalog\\MonitoringController',
  88 => 'PrestaShopBundle\\Controller\\Admin\\Sell\\Catalog\\Product\\CombinationController',
  89 => 'PrestaShopBundle\\Controller\\Admin\\Sell\\Catalog\\Product\\ImageController',
  90 => 'PrestaShopBundle\\Controller\\Admin\\Sell\\Catalog\\Product\\ProductController',
  91 => 'PrestaShopBundle\\Controller\\Admin\\Sell\\Catalog\\Product\\SpecificPriceController',
  92 => 'PrestaShopBundle\\Controller\\Admin\\Sell\\Catalog\\StockController',
  93 => 'PrestaShopBundle\\Controller\\Admin\\Sell\\Catalog\\SupplierController',
  94 => 'PrestaShopBundle\\Controller\\Admin\\Sell\\CustomerService\\CustomerThreadController',
  95 => 'PrestaShopBundle\\Controller\\Admin\\Sell\\CustomerService\\MerchandiseReturnController',
  96 => 'PrestaShopBundle\\Controller\\Admin\\Sell\\CustomerService\\OrderMessageController',
  97 => 'PrestaShopBundle\\Controller\\Admin\\Sell\\Customer\\CustomerController',
  98 => 'PrestaShopBundle\\Controller\\Admin\\Sell\\Customer\\OutstandingController',
  99 => 'PrestaShopBundle\\Controller\\Admin\\Sell\\Order\\ActionsBarButton',
  100 => 'PrestaShopBundle\\Controller\\Admin\\Sell\\Order\\ActionsBarButtonInterface',
  101 => 'PrestaShopBundle\\Controller\\Admin\\Sell\\Order\\ActionsBarButtonsCollection',
  102 => 'PrestaShopBundle\\Controller\\Admin\\Sell\\Order\\CartController',
  103 => 'PrestaShopBundle\\Controller\\Admin\\Sell\\Order\\CreditSlipController',
  104 => 'PrestaShopBundle\\Controller\\Admin\\Sell\\Order\\DeliveryController',
  105 => 'PrestaShopBundle\\Controller\\Admin\\Sell\\Order\\InvoicesController',
  106 => 'PrestaShopBundle\\Controller\\Admin\\Sell\\Order\\OrderController',
  107 => 'PrestaShopBundle\\Controller\\Admin\\SpecificPriceController',
  108 => 'PrestaShopBundle\\Controller\\Admin\\SupplierController',
  109 => 'PrestaShopBundle\\Controller\\Admin\\VirtualProductController',
  110 => 'PrestaShopBundle\\Controller\\Admin\\WarehouseController',
  111 => 'PrestaShopBundle\\Controller\\Api\\ApiController',
  112 => 'PrestaShopBundle\\Controller\\Api\\AttributeController',
  113 => 'PrestaShopBundle\\Controller\\Api\\CategoryController',
  114 => 'PrestaShopBundle\\Controller\\Api\\FeatureController',
  115 => 'PrestaShopBundle\\Controller\\Api\\I18nController',
  116 => 'PrestaShopBundle\\Controller\\Api\\Improve\\Design\\PositionsController',
  117 => 'PrestaShopBundle\\Controller\\Api\\ManufacturerController',
  118 => 'PrestaShopBundle\\Controller\\Api\\OAuth2\\AccessTokenController',
  119 => 'PrestaShopBundle\\Controller\\Api\\StockController',
  120 => 'PrestaShopBundle\\Controller\\Api\\StockMovementController',
  121 => 'PrestaShopBundle\\Controller\\Api\\SupplierController',
  122 => 'PrestaShopBundle\\Controller\\Api\\TranslationController',
  123 => 'PrestaShopBundle\\Controller\\ArgumentResolver\\FiltersBuilderResolver',
  124 => 'PrestaShopBundle\\Controller\\ArgumentResolver\\SearchParametersResolver',
  125 => 'PrestaShopBundle\\Controller\\Exception\\FieldNotFoundException',
  126 => 'PrestaShopBundle\\Entity\\AdminFilter',
  127 => 'PrestaShopBundle\\Entity\\ApiAccess',
  128 => 'PrestaShopBundle\\Entity\\Attribute',
  129 => 'PrestaShopBundle\\Entity\\AttributeGroup',
  130 => 'PrestaShopBundle\\Entity\\AttributeGroupLang',
  131 => 'PrestaShopBundle\\Entity\\AttributeLang',
  132 => 'PrestaShopBundle\\Entity\\AuthorizedApplication',
  133 => 'PrestaShopBundle\\Entity\\FeatureFlag',
  134 => 'PrestaShopBundle\\Entity\\Lang',
  135 => 'PrestaShopBundle\\Entity\\ModuleHistory',
  136 => 'PrestaShopBundle\\Entity\\ProductDownload',
  137 => 'PrestaShopBundle\\Entity\\ProductIdentity',
  138 => 'PrestaShopBundle\\Entity\\Repository\\AdminFilterRepository',
  139 => 'PrestaShopBundle\\Entity\\Repository\\ApiAccessRepository',
  140 => 'PrestaShopBundle\\Entity\\Repository\\AttributeGroupLangRepository',
  141 => 'PrestaShopBundle\\Entity\\Repository\\AttributeGroupRepository',
  142 => 'PrestaShopBundle\\Entity\\Repository\\AttributeLangRepository',
  143 => 'PrestaShopBundle\\Entity\\Repository\\AttributeRepository',
  144 => 'PrestaShopBundle\\Entity\\Repository\\AuthorizedApplicationRepository',
  145 => 'PrestaShopBundle\\Entity\\Repository\\CategoryRepository',
  146 => 'PrestaShopBundle\\Entity\\Repository\\FeatureAttributeRepository',
  147 => 'PrestaShopBundle\\Entity\\Repository\\FeatureFlagRepository',
  148 => 'PrestaShopBundle\\Entity\\Repository\\ImportMatchRepository',
  149 => 'PrestaShopBundle\\Entity\\Repository\\LangRepository',
  150 => 'PrestaShopBundle\\Entity\\Repository\\LogRepository',
  151 => 'PrestaShopBundle\\Entity\\Repository\\ManufacturerRepository',
  152 => 'PrestaShopBundle\\Entity\\Repository\\ModuleRepository',
  153 => 'PrestaShopBundle\\Entity\\Repository\\NormalizeFieldTrait',
  154 => 'PrestaShopBundle\\Entity\\Repository\\OrderInvoiceRepository',
  155 => 'PrestaShopBundle\\Entity\\Repository\\RequestSqlRepository',
  156 => 'PrestaShopBundle\\Entity\\Repository\\ShopGroupRepository',
  157 => 'PrestaShopBundle\\Entity\\Repository\\ShopRepository',
  158 => 'PrestaShopBundle\\Entity\\Repository\\StockManagementRepository',
  159 => 'PrestaShopBundle\\Entity\\Repository\\StockMovementRepository',
  160 => 'PrestaShopBundle\\Entity\\Repository\\StockRepository',
  161 => 'PrestaShopBundle\\Entity\\Repository\\SupplierRepository',
  162 => 'PrestaShopBundle\\Entity\\Repository\\TabLangRepository',
  163 => 'PrestaShopBundle\\Entity\\Repository\\TabRepository',
  164 => 'PrestaShopBundle\\Entity\\Repository\\TimezoneRepository',
  165 => 'PrestaShopBundle\\Entity\\Repository\\TranslationRepository',
  166 => 'PrestaShopBundle\\Entity\\Shop',
  167 => 'PrestaShopBundle\\Entity\\ShopGroup',
  168 => 'PrestaShopBundle\\Entity\\ShopUrl',
  169 => 'PrestaShopBundle\\Entity\\StockMvt',
  170 => 'PrestaShopBundle\\Entity\\Tab',
  171 => 'PrestaShopBundle\\Entity\\TabLang',
  172 => 'PrestaShopBundle\\Entity\\Translation',
  173 => 'PrestaShopBundle\\Security\\OAuth2\\Entity\\AccessToken',
  174 => 'PrestaShopBundle\\Security\\OAuth2\\Entity\\Client',
  175 => 'PrestaShop\\Module\\BlockWishList\\Controller\\WishlistConfigurationAdminController',
  176 => 'PrestaShop\\Module\\LinkList\\Controller\\Admin\\Improve\\Design\\LinkBlockController',
  177 => 'PrestaShop\\Module\\ProductComment\\Entity\\ProductComment',
  178 => 'PrestaShop\\Module\\ProductComment\\Entity\\ProductCommentCriterion',
  179 => 'PrestaShop\\Module\\ProductComment\\Entity\\ProductCommentGrade',
  180 => 'PrestaShop\\Module\\ProductComment\\Entity\\ProductCommentReport',
  181 => 'PrestaShop\\Module\\ProductComment\\Entity\\ProductCommentUsefulness',
  182 => 'PrestaShop\\PrestaShop\\Core\\Import\\Entity\\ImportEntityDeleterInterface',
  184 => 'Symfony\\Bundle\\FrameworkBundle\\Controller\\Controller',
  185 => 'Symfony\\Bundle\\FrameworkBundle\\Controller\\ControllerNameParser',
  186 => 'Symfony\\Bundle\\FrameworkBundle\\Controller\\ControllerResolver',
  187 => 'Symfony\\Bundle\\FrameworkBundle\\Controller\\ControllerTrait',
  188 => 'Symfony\\Bundle\\FrameworkBundle\\Controller\\RedirectController',
  189 => 'Symfony\\Bundle\\FrameworkBundle\\Controller\\TemplateController',
  190 => 'Symfony\\Bundle\\TwigBundle\\Controller\\ExceptionController',
  191 => 'Symfony\\Bundle\\TwigBundle\\Controller\\PreviewErrorController',
  192 => 'Symfony\\Bundle\\WebProfilerBundle\\Controller\\ExceptionController',
  193 => 'Symfony\\Bundle\\WebProfilerBundle\\Controller\\ExceptionPanelController',
  194 => 'Symfony\\Bundle\\WebProfilerBundle\\Controller\\ProfilerController',
  195 => 'Symfony\\Bundle\\WebProfilerBundle\\Controller\\RouterController',
  196 => 'Symfony\\Component\\HttpKernel\\Controller\\ArgumentResolver',
  197 => 'Symfony\\Component\\HttpKernel\\Controller\\ArgumentResolverInterface',
  198 => 'Symfony\\Component\\HttpKernel\\Controller\\ArgumentResolver\\DefaultValueResolver',
  199 => 'Symfony\\Component\\HttpKernel\\Controller\\ArgumentResolver\\NotTaggedControllerValueResolver',
  200 => 'Symfony\\Component\\HttpKernel\\Controller\\ArgumentResolver\\RequestAttributeValueResolver',
  201 => 'Symfony\\Component\\HttpKernel\\Controller\\ArgumentResolver\\RequestValueResolver',
  202 => 'Symfony\\Component\\HttpKernel\\Controller\\ArgumentResolver\\ServiceValueResolver',
  203 => 'Symfony\\Component\\HttpKernel\\Controller\\ArgumentResolver\\SessionValueResolver',
  204 => 'Symfony\\Component\\HttpKernel\\Controller\\ArgumentResolver\\TraceableValueResolver',
  205 => 'Symfony\\Component\\HttpKernel\\Controller\\ArgumentResolver\\VariadicValueResolver',
  206 => 'Symfony\\Component\\HttpKernel\\Controller\\ArgumentValueResolverInterface',
  207 => 'Symfony\\Component\\HttpKernel\\Controller\\ContainerControllerResolver',
  208 => 'Symfony\\Component\\HttpKernel\\Controller\\ControllerReference',
  209 => 'Symfony\\Component\\HttpKernel\\Controller\\ControllerResolver',
  210 => 'Symfony\\Component\\HttpKernel\\Controller\\ControllerResolverInterface',
  211 => 'Symfony\\Component\\HttpKernel\\Controller\\ErrorController',
  212 => 'Symfony\\Component\\HttpKernel\\Controller\\TraceableArgumentResolver',
  213 => 'Symfony\\Component\\HttpKernel\\Controller\\TraceableControllerResolver',
  214 => 'Symfony\\Component\\Security\\Http\\Controller\\UserValueResolver',
);